**************************************************************
*  ccminer ARM: 3.8.3c for Verushash v2.2 based on ccminer   *
**************************************************************
Originally based on Christian Buchner and Christian H. project
Adapted to Verus by Monkins1010
Compiled and released by Oink.VRSC@
Goto https://wiki.verus.io/#!index.md for mining setup guides. 
Git repo located at: http://github.com/oink70/ccminer-verus 

[2025-10-15 06:59:34] 4 miner threads started, using 'verus' algorithm.[0m
[2025-10-15 06:59:34][36m Starting on stratum+tcp://us.vipor.net:5040[0m
[2025-10-15 06:59:34][33m Stratum difficulty set to 139264[0m
[2025-10-15 06:59:37][33m API bind to port 4068 failed - using port 4070[0m
[2025-10-15 06:59:49][01;37m accepted: 1/1 (diff 399464.381), 503.28 kH/s [32myes![0m
[2025-10-15 07:00:02][01;37m accepted: 2/2 (diff 305045.527), 747.97 kH/s [32myes![0m
[2025-10-15 07:01:44][33m Stratum difficulty set to 69632[0m
[2025-10-15 07:01:53] CPU T1: Verus Hashing ((null), 184.90 kH/s).[0m
[2025-10-15 07:01:53][01;37m accepted: 3/3 (diff 84307.698), 688.18 kH/s [32myes![0m
[2025-10-15 07:01:54] CPU T3: Verus Hashing ((null), 371.25 kH/s).[0m
[2025-10-15 07:01:54][01;37m accepted: 4/4 (diff 73584.351), 556.16 kH/s [32myes![0m
[2025-10-15 07:01:59] CPU T3: Verus Hashing ((null), 362.17 kH/s).[0m
[2025-10-15 07:01:59][01;37m accepted: 5/5 (diff 81442.874), 551.61 kH/s [32myes![0m
[2025-10-15 07:02:55] CPU T0: Verus Hashing ((null), 210.80 kH/s).[0m
[2025-10-15 07:02:55][01;37m accepted: 6/6 (diff 184365.187), 762.41 kH/s [32myes![0m
[2025-10-15 07:03:07] CPU T1: Verus Hashing ((null), 212.68 kH/s).[0m
[2025-10-15 07:03:07][01;37m accepted: 7/7 (diff 132104.189), 776.30 kH/s [32myes![0m
[2025-10-15 07:03:11] CPU T3: Verus Hashing ((null), 414.12 kH/s).[0m
[2025-10-15 07:03:11][01;37m accepted: 8/8 (diff 143395.145), 792.10 kH/s [32myes![0m
[2025-10-15 07:03:34] CPU T0: Verus Hashing ((null), 210.00 kH/s).[0m
[2025-10-15 07:03:34][01;37m accepted: 9/9 (diff 119837.371), 791.70 kH/s [32myes![0m
[2025-10-15 07:04:11] CPU T3: Verus Hashing ((null), 424.37 kH/s).[0m
[2025-10-15 07:04:11][01;37m accepted: 10/10 (diff 316551.547), 802.17 kH/s [32myes![0m
[2025-10-15 07:04:25] CPU T0: Verus Hashing ((null), 202.58 kH/s).[0m
[2025-10-15 07:04:25][01;37m accepted: 11/11 (diff 192841.747), 799.56 kH/s [32myes![0m
[2025-10-15 07:04:39] CPU T3: Verus Hashing ((null), 428.73 kH/s).[0m
[2025-10-15 07:04:39][01;37m accepted: 12/12 (diff 101067.663), 806.71 kH/s [32myes![0m
[2025-10-15 07:05:38] CPU T1: Verus Hashing ((null), 212.96 kH/s).[0m
[2025-10-15 07:05:38][01;37m accepted: 13/13 (diff 143395.145), 811.43 kH/s [32myes![0m
[2025-10-15 07:06:10] CPU T0: Verus Hashing ((null), 173.10 kH/s).[0m
[2025-10-15 07:06:10][01;37m accepted: 14/14 (diff 176602.442), 802.76 kH/s [32myes![0m
[2025-10-15 07:06:19] CPU T1: Verus Hashing ((null), 178.46 kH/s).[0m
[2025-10-15 07:06:19][01;37m accepted: 15/15 (diff 399457.905), 796.50 kH/s [32myes![0m
[2025-10-15 07:06:28] CPU T0: Verus Hashing ((null), 176.12 kH/s).[0m
[2025-10-15 07:06:28][01;37m accepted: 16/16 (diff 108240.206), 791.90 kH/s [32myes![0m
[2025-10-15 07:06:43] CPU T3: Verus Hashing ((null), 357.28 kH/s).[0m
[2025-10-15 07:06:43][01;37m accepted: 17/17 (diff 101067.663), 784.76 kH/s [32myes![0m
[2025-10-15 07:08:46] CPU T1: Verus Hashing ((null), 178.09 kH/s).[0m
[2025-10-15 07:08:46][01;37m accepted: 18/18 (diff 128070.473), 780.92 kH/s [32myes![0m
[2025-10-15 07:08:57] CPU T3: Verus Hashing ((null), 349.01 kH/s).[0m
[2025-10-15 07:08:58][01;37m accepted: 19/19 (diff 125203.224), 774.64 kH/s [32myes![0m
[2025-10-15 07:08:59][01;37m accepted: 20/20 (diff 72315.655), 771.80 kH/s [32myes![0m
[2025-10-15 07:09:20] CPU T3: Verus Hashing ((null), 356.24 kH/s).[0m
[2025-10-15 07:09:20][01;37m accepted: 21/21 (diff 148471.080), 768.73 kH/s [32myes![0m
[2025-10-15 07:09:40] CPU T0: Verus Hashing ((null), 180.06 kH/s).[0m
[2025-10-15 07:09:40][01;37m accepted: 22/22 (diff 122461.547), 766.32 kH/s [32myes![0m
[2025-10-15 07:10:15] CPU T2: Verus Hashing ((null), 184.10 kH/s).[0m
[2025-10-15 07:10:15][01;37m accepted: 23/23 (diff 73908.511), 950.42 kH/s [32myes![0m
[2025-10-15 07:10:46] CPU T0: Verus Hashing ((null), 199.68 kH/s).[0m
[2025-10-15 07:10:46][01;37m accepted: 24/24 (diff 107546.359), 951.50 kH/s [32myes![0m
[2025-10-15 07:11:19] CPU T1: Verus Hashing ((null), 207.61 kH/s).[0m
[2025-10-15 07:11:19][01;37m accepted: 25/25 (diff 71697.573), 953.87 kH/s [32myes![0m
[2025-10-15 07:11:23] CPU T3: Verus Hashing ((null), 429.88 kH/s).[0m
[2025-10-15 07:11:23][01;37m accepted: 26/26 (diff 310689.481), 958.78 kH/s [32myes![0m
[2025-10-15 07:11:40] CPU T3: Verus Hashing ((null), 419.50 kH/s).[0m
[2025-10-15 07:11:40][01;37m accepted: 27/27 (diff 217886.130), 961.85 kH/s [32myes![0m
[2025-10-15 07:12:02] CPU T2: Verus Hashing ((null), 208.55 kH/s).[0m
[2025-10-15 07:12:02][01;37m accepted: 28/28 (diff 79891.581), 974.07 kH/s [32myes![0m
[2025-10-15 07:12:03] CPU T3: Verus Hashing ((null), 420.60 kH/s).[0m
[2025-10-15 07:12:03][01;37m accepted: 29/29 (diff 262144.250), 976.72 kH/s [32myes![0m
[2025-10-15 07:12:31] CPU T0: Verus Hashing ((null), 180.30 kH/s).[0m
[2025-10-15 07:12:31][01;37m accepted: 30/30 (diff 153919.560), 975.11 kH/s [32myes![0m
[2025-10-15 07:12:33] CPU T1: Verus Hashing ((null), 195.28 kH/s).[0m
[2025-10-15 07:12:34][01;37m accepted: 31/31 (diff 2097154.000), 975.04 kH/s [32myes![0m
[2025-10-15 07:12:41] CPU T3: Verus Hashing ((null), 422.90 kH/s).[0m
[2025-10-15 07:12:41][01;37m accepted: 32/32 (diff 116508.556), 977.46 kH/s [32myes![0m
[2025-10-15 07:12:47] CPU T1: Verus Hashing ((null), 215.59 kH/s).[0m
[2025-10-15 07:12:47][01;37m accepted: 33/33 (diff 128070.473), 979.95 kH/s [32myes![0m
[2025-10-15 07:12:51] CPU T2: Verus Hashing ((null), 210.07 kH/s).[0m
[2025-10-15 07:12:51][01;37m accepted: 34/34 (diff 5592410.667), 984.53 kH/s [32myes![0m
[2025-10-15 07:14:20] CPU T3: Verus Hashing ((null), 396.43 kH/s).[0m
[2025-10-15 07:14:20][01;37m accepted: 35/35 (diff 104857.700), 984.71 kH/s [32myes![0m
[2025-10-15 07:14:54] CPU T3: Verus Hashing ((null), 348.35 kH/s).[0m
[2025-10-15 07:14:54][01;37m accepted: 36/36 (diff 118149.521), 981.67 kH/s [32myes![0m
[2025-10-15 07:15:57] CPU T1: Verus Hashing ((null), 208.82 kH/s).[0m
[2025-10-15 07:15:57][01;37m accepted: 37/37 (diff 1118482.133), 982.85 kH/s [32myes![0m
[2025-10-15 07:18:07] CPU T0: Verus Hashing ((null), 207.07 kH/s).[0m
[2025-10-15 07:18:07][01;37m accepted: 38/38 (diff 85163.614), 984.57 kH/s [32myes![0m
[2025-10-15 07:18:50] CPU T3: Verus Hashing ((null), 416.58 kH/s).[0m
[2025-10-15 07:18:50][01;37m accepted: 39/39 (diff 132104.189), 986.17 kH/s [32myes![0m
[2025-10-15 07:18:51][01;37m accepted: 40/40 (diff 1677723.200), 987.54 kH/s [32myes![0m
[2025-10-15 07:18:55] CPU T0: Verus Hashing ((null), 202.89 kH/s).[0m
[2025-10-15 07:18:55][01;37m accepted: 41/41 (diff 70197.623), 988.50 kH/s [32myes![0m
[2025-10-15 07:19:30] CPU T3: Verus Hashing ((null), 416.40 kH/s).[0m
[2025-10-15 07:19:30][01;37m accepted: 42/42 (diff 322639.077), 989.75 kH/s [32myes![0m
[2025-10-15 07:19:40] CPU T3: Verus Hashing ((null), 417.69 kH/s).[0m
[2025-10-15 07:19:40][01;37m accepted: 43/43 (diff 93727.553), 990.93 kH/s [32myes![0m
[2025-10-15 07:19:43] CPU T0: Verus Hashing ((null), 202.23 kH/s).[0m
[2025-10-15 07:19:43][01;37m accepted: 44/44 (diff 204600.390), 991.66 kH/s [32myes![0m
[2025-10-15 07:20:02] CPU T3: Verus Hashing ((null), 417.53 kH/s).[0m
[2025-10-15 07:20:02][01;37m accepted: 45/45 (diff 209715.400), 992.72 kH/s [32myes![0m
[2025-10-15 07:20:11] CPU T3: Verus Hashing ((null), 417.62 kH/s).[0m
[2025-10-15 07:20:11][01;37m accepted: 46/46 (diff 151146.234), 993.68 kH/s [32myes![0m
[2025-10-15 07:20:35] CPU T3: Verus Hashing ((null), 415.39 kH/s).[0m
[2025-10-15 07:20:35][01;37m accepted: 47/47 (diff 80659.769), 994.45 kH/s [32myes![0m
[2025-10-15 07:20:40] CPU T2: Verus Hashing ((null), 211.69 kH/s).[0m
[2025-10-15 07:20:40][01;37m accepted: 48/48 (diff 123362.000), 997.14 kH/s [32myes![0m
[2025-10-15 07:20:49] CPU T3: Verus Hashing ((null), 414.00 kH/s).[0m
[2025-10-15 07:20:49][01;37m accepted: 49/49 (diff 79891.581), 997.79 kH/s [32myes![0m
[2025-10-15 07:20:51][01;37m accepted: 50/50 (diff 621378.963), 998.33 kH/s [32myes![0m
[2025-10-15 07:21:09] CPU T3: Verus Hashing ((null), 405.84 kH/s).[0m
[2025-10-15 07:21:09][01;37m accepted: 51/51 (diff 128070.473), 998.55 kH/s [32myes![0m
[2025-10-15 07:22:14] CPU T1: Verus Hashing ((null), 211.96 kH/s).[0m
[2025-10-15 07:22:14][01;37m accepted: 52/52 (diff 87381.417), 999.81 kH/s [32myes![0m
[2025-10-15 07:22:28] CPU T2: Verus Hashing ((null), 216.22 kH/s).[0m
[2025-10-15 07:22:28][01;37m accepted: 53/53 (diff 101680.194), 1.00 MH/s [32myes![0m
[2025-10-15 07:23:12] CPU T0: Verus Hashing ((null), 202.35 kH/s).[0m
[2025-10-15 07:23:12][01;37m accepted: 54/54 (diff 110376.526), 1.00 MH/s [32myes![0m
[2025-10-15 07:23:48] CPU T2: Verus Hashing ((null), 207.04 kH/s).[0m
[2025-10-15 07:23:48][01;37m accepted: 55/55 (diff 167772.320), 1.00 MH/s [32myes![0m
[2025-10-15 07:24:05] CPU T0: Verus Hashing ((null), 197.90 kH/s).[0m
[2025-10-15 07:24:05][01;37m accepted: 56/56 (diff 838861.600), 1.00 MH/s [32myes![0m
[2025-10-15 07:24:10] CPU T3: Verus Hashing ((null), 396.22 kH/s).[0m
[2025-10-15 07:24:10][01;37m accepted: 57/57 (diff 215092.718), 1.00 MH/s [32myes![0m
[2025-10-15 07:24:13][01;37m accepted: 58/58 (diff 142179.932), 1.00 MH/s [32myes![0m
[2025-10-15 07:24:49] CPU T1: Verus Hashing ((null), 213.01 kH/s).[0m
[2025-10-15 07:24:49][01;37m accepted: 59/59 (diff 81049.430), 1.00 MH/s [32myes![0m
[2025-10-15 07:25:00] CPU T0: Verus Hashing ((null), 204.39 kH/s).[0m
[2025-10-15 07:25:00][01;37m accepted: 60/60 (diff 108943.065), 1.01 MH/s [32myes![0m
[2025-10-15 07:25:05] CPU T1: Verus Hashing ((null), 208.51 kH/s).[0m
[2025-10-15 07:25:05][01;37m accepted: 61/61 (diff 95325.182), 1.01 MH/s [32myes![0m
[2025-10-15 07:25:07][01;37m accepted: 62/62 (diff 1864136.889), 1.01 MH/s [32myes![0m
[2025-10-15 07:25:08] CPU T3: Verus Hashing ((null), 417.39 kH/s).[0m
[2025-10-15 07:25:08][01;37m accepted: 63/63 (diff 190650.364), 1.01 MH/s [32myes![0m
[2025-10-15 07:25:34] CPU T2: Verus Hashing ((null), 203.50 kH/s).[0m
[2025-10-15 07:25:34][01;37m accepted: 64/64 (diff 81442.874), 1.01 MH/s [32myes![0m
[2025-10-15 07:26:00] CPU T2: Verus Hashing ((null), 203.64 kH/s).[0m
[2025-10-15 07:26:00][01;37m accepted: 65/65 (diff 86480.577), 1.01 MH/s [32myes![0m
[2025-10-15 07:26:48] CPU T2: Verus Hashing ((null), 195.77 kH/s).[0m
[2025-10-15 07:26:48][01;37m accepted: 66/66 (diff 299593.429), 1.01 MH/s [32myes![0m
[2025-10-15 07:27:05] CPU T3: Verus Hashing ((null), 410.03 kH/s).[0m
[2025-10-15 07:27:12] CPU T2: Verus Hashing ((null), 181.51 kH/s).[0m
[2025-10-15 07:27:12][01;37m accepted: 67/67 (diff 71697.573), 1.00 MH/s [32myes![0m
[2025-10-15 07:27:19] CPU T2: Verus Hashing ((null), 179.85 kH/s).[0m
[2025-10-15 07:27:19][01;37m accepted: 68/68 (diff 128070.473), 1.00 MH/s [32myes![0m
[2025-10-15 07:27:36] CPU T3: Verus Hashing ((null), 363.25 kH/s).[0m
[2025-10-15 07:27:36][01;37m accepted: 69/69 (diff 2097154.000), 999.99 kH/s [32myes![0m
[2025-10-15 07:27:46] CPU T1: Verus Hashing ((null), 178.93 kH/s).[0m
[2025-10-15 07:27:46][01;37m accepted: 70/70 (diff 83468.816), 998.28 kH/s [32myes![0m
[2025-10-15 07:28:22] CPU T1: Verus Hashing ((null), 207.19 kH/s).[0m
[2025-10-15 07:28:22][01;37m accepted: 71/71 (diff 76260.145), 998.69 kH/s [32myes![0m
[2025-10-15 07:28:36] CPU T3: Verus Hashing ((null), 360.76 kH/s).[0m
[2025-10-15 07:28:36][01;37m accepted: 72/72 (diff 121574.145), 998.34 kH/s [32myes![0m
[2025-10-15 07:29:03] CPU T0: Verus Hashing ((null), 178.28 kH/s).[0m
[2025-10-15 07:29:03][01;37m accepted: 73/73 (diff 328965.333), 997.13 kH/s [32myes![0m
[2025-10-15 07:29:19] CPU T1: Verus Hashing ((null), 183.13 kH/s).[0m
[2025-10-15 07:29:19][01;37m accepted: 74/74 (diff 74898.357), 995.99 kH/s [32myes![0m
[2025-10-15 07:29:38] CPU T2: Verus Hashing ((null), 208.76 kH/s).[0m
[2025-10-15 07:29:38][01;37m accepted: 75/75 (diff 390168.186), 996.70 kH/s [32myes![0m
[2025-10-15 07:29:40] CPU T3: Verus Hashing ((null), 429.27 kH/s).[0m
[2025-10-15 07:29:40][01;37m accepted: 76/76 (diff 133152.635), 998.94 kH/s [32myes![0m
[2025-10-15 07:29:45] CPU T0: Verus Hashing ((null), 202.05 kH/s).[0m
[2025-10-15 07:29:45][01;37m accepted: 77/77 (diff 342392.490), 999.37 kH/s [32myes![0m
[2025-10-15 07:29:46] CPU T2: Verus Hashing ((null), 215.00 kH/s).[0m
[2025-10-15 07:29:46][01;37m accepted: 78/78 (diff 135300.258), 1.00 MH/s [32myes![0m
[2025-10-15 07:30:54] CPU T1: Verus Hashing ((null), 182.18 kH/s).[0m
[2025-10-15 07:30:54][01;37m accepted: 79/79 (diff 254200.485), 999.39 kH/s [32myes![0m
[2025-10-15 07:31:06] CPU T3: Verus Hashing ((null), 418.55 kH/s).[0m
[2025-10-15 07:31:06][01;37m accepted: 80/80 (diff 108240.206), 999.53 kH/s [32myes![0m
[2025-10-15 07:31:18] CPU T2: Verus Hashing ((null), 209.34 kH/s).[0m
[2025-10-15 07:31:18][01;37m accepted: 81/81 (diff 71392.477), 1.00 MH/s [32myes![0m
[2025-10-15 07:31:19] CPU T3: Verus Hashing ((null), 417.01 kH/s).[0m
[2025-10-15 07:31:19][01;37m accepted: 82/82 (diff 132104.189), 999.81 kH/s [32myes![0m
[2025-10-15 07:31:30] CPU T3: Verus Hashing ((null), 424.19 kH/s).[0m
[2025-10-15 07:31:30][01;37m accepted: 83/83 (diff 356962.383), 999.66 kH/s [32myes![0m
[2025-10-15 07:31:47] CPU T0: Verus Hashing ((null), 199.92 kH/s).[0m
[2025-10-15 07:31:47][01;37m accepted: 84/84 (diff 71697.573), 999.92 kH/s [32myes![0m
[2025-10-15 07:31:54][33m Stratum difficulty set to 100283[0m
[2025-10-15 07:32:26] CPU T2: Verus Hashing ((null), 180.34 kH/s).[0m
[2025-10-15 07:32:26][01;37m accepted: 85/85 (diff 140986.149), 998.44 kH/s [32myes![0m
